[20:58:04.111][info] [#0:/home/mark/.local/share/nvim/mason/packages/lua-language-server/libexec/main.lua:68]: Lua Lsp startup, root: 	/home/mark/.local/share/nvim/mason/packages/lua-language-server/libexec
[20:58:04.111][info] [#0:/home/mark/.local/share/nvim/mason/packages/lua-language-server/libexec/main.lua:69]: ROOT:	/home/mark/.local/share/nvim/mason/packages/lua-language-server/libexec
[20:58:04.111][info] [#0:/home/mark/.local/share/nvim/mason/packages/lua-language-server/libexec/main.lua:70]: LOGPATH:	/home/mark/.local/share/nvim/mason/packages/lua-language-server/libexec/log
[20:58:04.111][info] [#0:/home/mark/.local/share/nvim/mason/packages/lua-language-server/libexec/main.lua:71]: METAPATH:	/home/mark/.local/share/nvim/mason/packages/lua-language-server/libexec/meta
[20:58:04.111][info] [#0:/home/mark/.local/share/nvim/mason/packages/lua-language-server/libexec/main.lua:72]: VERSION:	3.14.0
[20:58:04.131][info] [#0:script/proto/proto.lua:260]: Listen Mode: stdio
[20:58:04.131][info] [#0:script/service/service.lua:145]: 
========= Medical Examination Report =========
    --------------- Memory ---------------
        Total: 2.263 MB
        # 00 : 2.263 MB
        # 01 : 0.000 MB
        # 02 : 0.000 MB
        # 03 : 0.000 MB
        # 04 : 0.000 MB
    --------------- Coroutine ---------------
        Total:     0
        Running:   0
        Suspended: 0
        Normal:    0
        Dead:      0
    --------------- Cache ---------------
        Total: 1
        Dead:  0
    ---------------  RPC  ---------------
        Holdon:   0
        Waiting:  0
==============================================
[20:58:04.143][info] [#0:script/proto/proto.lua:260]: Listen Mode: stdio
[20:58:04.143][info] [#0:script/service/service.lua:145]: 
========= Medical Examination Report =========
    --------------- Memory ---------------
        Total: 2.263 MB
        # 00 : 2.263 MB
        # 01 : 0.000 MB
        # 02 : 0.000 MB
        # 03 : 0.000 MB
        # 04 : 0.000 MB
    --------------- Coroutine ---------------
        Total:     0
        Running:   0
        Suspended: 0
        Normal:    0
        Dead:      0
    --------------- Cache ---------------
        Total: 1
        Dead:  0
    ---------------  RPC  ---------------
        Holdon:   0
        Waiting:  0
==============================================
[20:58:04.236][info] [#0:script/client.lua:657]: Client init	{
  capabilities = {
    general = {
      positionEncodings = { "utf-8", "utf-16", "utf-32" }
    },
    textDocument = {
      callHierarchy = {
        dynamicRegistration = false
      },
      codeAction = {
        codeActionLiteralSupport = {
          codeActionKind = {
            valueSet = { "", "quickfix", "refactor", "refactor.extract", "refactor.inline", "refactor.rewrite", "source", "source.organizeImports" }
          }
        },
        dataSupport = true,
        dynamicRegistration = true,
        isPreferredSupport = true,
        resolveSupport = {
          properties = { "edit", "command" }
        }
      },
      codeLens = {
        dynamicRegistration = false,
        resolveSupport = {
          properties = { "command" }
        }
      },
      completion = {
        completionItem = {
          commitCharactersSupport = false,
          deprecatedSupport = true,
          documentationFormat = { "markdown", "plaintext" },
          insertReplaceSupport = true,
          insertTextModeSupport = {
            valueSet = { 1 }
          },
          labelDetailsSupport = true,
          preselectSupport = false,
          resolveSupport = {
            properties = { "documentation", "detail", "additionalTextEdits", "command", "data" }
          },
          snippetSupport = true,
          tagSupport = {
            valueSet = { 1 }
          }
        },
        completionItemKind = {
          valueSet = { 1, 2, 3, 4, 5, 6, 7, 8, 9, 10, 11, 12, 13, 14, 15, 16, 17, 18, 19, 20, 21, 22, 23, 24, 25 }
        },
        completionList = {
          itemDefaults = { "commitCharacters", "editRange", "insertTextFormat", "insertTextMode", "data" }
        },
        contextSupport = true,
        dynamicRegistration = false,
        insertTextMode = 1
      },
      declaration = {
        linkSupport = true
      },
      definition = {
        dynamicRegistration = true,
        linkSupport = true
      },
      diagnostic = {
        dynamicRegistration = false
      },
      documentHighlight = {
        dynamicRegistration = false
      },
      documentSymbol = {
        dynamicRegistration = false,
        hierarchicalDocumentSymbolSupport = true,
        symbolKind = {
          valueSet = { 1, 2, 3, 4, 5, 6, 7, 8, 9, 10, 11, 12, 13, 14, 15, 16, 17, 18, 19, 20, 21, 22, 23, 24, 25, 26 }
        }
      },
      foldingRange = {
        dynamicRegistration = false,
        foldingRange = {
          collapsedText = true
        },
        lineFoldingOnly = true
      },
      formatting = {
        dynamicRegistration = true
      },
      hover = {
        contentFormat = { "markdown", "plaintext" },
        dynamicRegistration = true
      },
      implementation = {
        linkSupport = true
      },
      inlayHint = {
        dynamicRegistration = true,
        resolveSupport = {
          properties = { "textEdits", "tooltip", "location", "command" }
        }
      },
      publishDiagnostics = {
        dataSupport = true,
        relatedInformation = true,
        tagSupport = {
          valueSet = { 1, 2 }
        }
      },
      rangeFormatting = {
        dynamicRegistration = true,
        rangesSupport = true
      },
      references = {
        dynamicRegistration = false
      },
      rename = {
        dynamicRegistration = true,
        prepareSupport = true
      },
      semanticTokens = {
        augmentsSyntaxTokens = true,
        dynamicRegistration = false,
        formats = { "relative" },
        multilineTokenSupport = false,
        overlappingTokenSupport = true,
        requests = {
          full = {
            delta = true
          },
          range = false
        },
        serverCancelSupport = false,
        tokenModifiers = { "declaration", "definition", "readonly", "static", "deprecated", "abstract", "async", "modification", "documentation", "defaultLibrary" },
        tokenTypes = { "namespace", "type", "class", "enum", "interface", "struct", "typeParameter", "parameter", "variable", "property", "enumMember", "event", "function", "method", "macro", "keyword", "modifier", "comment", "string", "number", "regexp", "operator", "decorator" }
      },
      signatureHelp = {
        dynamicRegistration = false,
        signatureInformation = {
          activeParameterSupport = true,
          documentationFormat = { "markdown", "plaintext" },
          parameterInformation = {
            labelOffsetSupport = true
          }
        }
      },
      synchronization = {
        didSave = true,
        dynamicRegistration = false,
        willSave = true,
        willSaveWaitUntil = true
      },
      typeDefinition = {
        linkSupport = true
      }
    },
    window = {
      showDocument = {
        support = true
      },
      showMessage = {
        messageActionItem = {
          additionalPropertiesSupport = true
        }
      },
      workDoneProgress = true
    },
    workspace = {
      applyEdit = true,
      configuration = true,
      didChangeConfiguration = {
        dynamicRegistration = false
      },
      didChangeWatchedFiles = {
        dynamicRegistration = false,
        relativePatternSupport = true
      },
      inlayHint = {
        refreshSupport = true
      },
      semanticTokens = {
        refreshSupport = true
      },
      symbol = {
        dynamicRegistration = false,
        symbolKind = {
          valueSet = { 1, 2, 3, 4, 5, 6, 7, 8, 9, 10, 11, 12, 13, 14, 15, 16, 17, 18, 19, 20, 21, 22, 23, 24, 25, 26 }
        }
      },
      workspaceEdit = {
        resourceOperations = { "rename", "create", "delete" }
      },
      workspaceFolders = true
    }
  },
  clientInfo = {
    name = "Neovim",
    version = "0.11.1+dirty"
  },
  processId = 82571,
  rootPath = "/home/mark/Dotfiles",
  rootUri = "file:///home/mark/Dotfiles",
  trace = "off",
  workDoneToken = "1",
  workspaceFolders = { {
      name = "/home/mark/Dotfiles",
      uri = "file:///home/mark/Dotfiles"
    } }
}
[20:58:04.237][info] [#0:script/language.lua:137]: VSC language: nil
[20:58:04.237][info] [#0:script/language.lua:138]: LS  language: en-us
[20:58:04.237][info] [#0:script/workspace/workspace.lua:38]: Workspace init root: 	file:///home/mark/Dotfiles
[20:58:04.237][info] [#0:script/workspace/workspace.lua:42]: Log path: 	/home/mark/.local/share/nvim/mason/packages/lua-language-server/libexec/log/file_home_mark_Dotfiles.log
[20:58:04.248][info] [#0:script/client.lua:657]: Client init	{
  capabilities = {
    general = {
      positionEncodings = { "utf-8", "utf-16", "utf-32" }
    },
    textDocument = {
      callHierarchy = {
        dynamicRegistration = false
      },
      codeAction = {
        codeActionLiteralSupport = {
          codeActionKind = {
            valueSet = { "", "quickfix", "refactor", "refactor.extract", "refactor.inline", "refactor.rewrite", "source", "source.organizeImports" }
          }
        },
        dataSupport = true,
        dynamicRegistration = true,
        isPreferredSupport = true,
        resolveSupport = {
          properties = { "edit", "command" }
        }
      },
      codeLens = {
        dynamicRegistration = false,
        resolveSupport = {
          properties = { "command" }
        }
      },
      completion = {
        completionItem = {
          commitCharactersSupport = false,
          deprecatedSupport = true,
          documentationFormat = { "markdown", "plaintext" },
          insertReplaceSupport = true,
          insertTextModeSupport = {
            valueSet = { 1 }
          },
          labelDetailsSupport = true,
          preselectSupport = false,
          resolveSupport = {
            properties = { "documentation", "detail", "additionalTextEdits", "command", "data" }
          },
          snippetSupport = true,
          tagSupport = {
            valueSet = { 1 }
          }
        },
        completionItemKind = {
          valueSet = { 1, 2, 3, 4, 5, 6, 7, 8, 9, 10, 11, 12, 13, 14, 15, 16, 17, 18, 19, 20, 21, 22, 23, 24, 25 }
        },
        completionList = {
          itemDefaults = { "commitCharacters", "editRange", "insertTextFormat", "insertTextMode", "data" }
        },
        contextSupport = true,
        dynamicRegistration = false,
        insertTextMode = 1
      },
      declaration = {
        linkSupport = true
      },
      definition = {
        dynamicRegistration = true,
        linkSupport = true
      },
      diagnostic = {
        dynamicRegistration = false
      },
      documentHighlight = {
        dynamicRegistration = false
      },
      documentSymbol = {
        dynamicRegistration = false,
        hierarchicalDocumentSymbolSupport = true,
        symbolKind = {
          valueSet = { 1, 2, 3, 4, 5, 6, 7, 8, 9, 10, 11, 12, 13, 14, 15, 16, 17, 18, 19, 20, 21, 22, 23, 24, 25, 26 }
        }
      },
      foldingRange = {
        dynamicRegistration = false,
        foldingRange = {
          collapsedText = true
        },
        lineFoldingOnly = true
      },
      formatting = {
        dynamicRegistration = true
      },
      hover = {
        contentFormat = { "markdown", "plaintext" },
        dynamicRegistration = true
      },
      implementation = {
        linkSupport = true
      },
      inlayHint = {
        dynamicRegistration = true,
        resolveSupport = {
          properties = { "textEdits", "tooltip", "location", "command" }
        }
      },
      publishDiagnostics = {
        dataSupport = true,
        relatedInformation = true,
        tagSupport = {
          valueSet = { 1, 2 }
        }
      },
      rangeFormatting = {
        dynamicRegistration = true,
        rangesSupport = true
      },
      references = {
        dynamicRegistration = false
      },
      rename = {
        dynamicRegistration = true,
        prepareSupport = true
      },
      semanticTokens = {
        augmentsSyntaxTokens = true,
        dynamicRegistration = false,
        formats = { "relative" },
        multilineTokenSupport = false,
        overlappingTokenSupport = true,
        requests = {
          full = {
            delta = true
          },
          range = false
        },
        serverCancelSupport = false,
        tokenModifiers = { "declaration", "definition", "readonly", "static", "deprecated", "abstract", "async", "modification", "documentation", "defaultLibrary" },
        tokenTypes = { "namespace", "type", "class", "enum", "interface", "struct", "typeParameter", "parameter", "variable", "property", "enumMember", "event", "function", "method", "macro", "keyword", "modifier", "comment", "string", "number", "regexp", "operator", "decorator" }
      },
      signatureHelp = {
        dynamicRegistration = false,
        signatureInformation = {
          activeParameterSupport = true,
          documentationFormat = { "markdown", "plaintext" },
          parameterInformation = {
            labelOffsetSupport = true
          }
        }
      },
      synchronization = {
        didSave = true,
        dynamicRegistration = false,
        willSave = true,
        willSaveWaitUntil = true
      },
      typeDefinition = {
        linkSupport = true
      }
    },
    window = {
      showDocument = {
        support = true
      },
      showMessage = {
        messageActionItem = {
          additionalPropertiesSupport = true
        }
      },
      workDoneProgress = true
    },
    workspace = {
      applyEdit = true,
      configuration = true,
      didChangeConfiguration = {
        dynamicRegistration = false
      },
      didChangeWatchedFiles = {
        dynamicRegistration = false,
        relativePatternSupport = true
      },
      inlayHint = {
        refreshSupport = true
      },
      semanticTokens = {
        refreshSupport = true
      },
      symbol = {
        dynamicRegistration = false,
        symbolKind = {
          valueSet = { 1, 2, 3, 4, 5, 6, 7, 8, 9, 10, 11, 12, 13, 14, 15, 16, 17, 18, 19, 20, 21, 22, 23, 24, 25, 26 }
        }
      },
      workspaceEdit = {
        resourceOperations = { "rename", "create", "delete" }
      },
      workspaceFolders = true
    }
  },
  clientInfo = {
    name = "Neovim",
    version = "0.11.1+dirty"
  },
  initializationOptions = {},
  processId = 82571,
  rootPath = "/home/mark/Dotfiles",
  rootUri = "file:///home/mark/Dotfiles",
  trace = "off",
  workDoneToken = "1",
  workspaceFolders = { {
      name = "/home/mark/Dotfiles",
      uri = "file:///home/mark/Dotfiles"
    } }
}
[20:58:04.248][info] [#0:script/language.lua:137]: VSC language: nil
[20:58:04.248][info] [#0:script/language.lua:138]: LS  language: en-us
[20:58:04.248][info] [#0:script/workspace/workspace.lua:38]: Workspace init root: 	file:///home/mark/Dotfiles
[20:58:04.248][info] [#0:script/workspace/workspace.lua:42]: Log path: 	/home/mark/.local/share/nvim/mason/packages/lua-language-server/libexec/log/file_home_mark_Dotfiles.log
[20:58:04.248][info] [#0:script/workspace/workspace.lua:48]: Workspace create: 	file:///home/mark/Dotfiles
[20:58:04.540][warn] [#0:script/config/loader.lua:116]: No config?	{}
[20:58:04.540][info] [#0:script/provider/provider.lua:56]: Load config from .luarc.json/.luarc.jsonc	file:///home/mark/Dotfiles
[20:58:04.540][info] [#0:script/provider/provider.lua:57]: {
  ["diagnostics.globals"] = { "vim" }
}
[20:58:04.551][warn] [#0:script/config/loader.lua:116]: No config?	{}
[20:58:04.551][info] [#0:script/provider/provider.lua:56]: Load config from .luarc.json/.luarc.jsonc	file:///home/mark/Dotfiles
[20:58:04.551][info] [#0:script/provider/provider.lua:57]: {
  ["diagnostics.globals"] = { "vim" }
}
[20:58:04.641][warn] [#0:script/config/loader.lua:116]: No config?	{}
[20:58:04.641][info] [#0:script/provider/provider.lua:65]: Load config from client	fallback
[20:58:04.641][info] [#0:script/provider/provider.lua:66]: nil
[20:58:04.651][warn] [#0:script/config/loader.lua:116]: No config?	{}
[20:58:04.651][info] [#0:script/provider/provider.lua:65]: Load config from client	fallback
[20:58:04.651][info] [#0:script/provider/provider.lua:66]: nil
[20:58:04.755][info] [#0:script/library.lua:212]: Init builtin library at:	file:///home/mark/Dotfiles
[20:58:04.766][info] [#0:script/library.lua:212]: Init builtin library at:	file:///home/mark/Dotfiles
[20:58:04.770][info] [#0:script/library.lua:212]: Init builtin library at:	nil
[20:58:04.777][info] [#0:script/library.lua:212]: Init builtin library at:	nil
[20:58:04.878][info] [#0:script/workspace/workspace.lua:324]: Preload start:	file:///home/mark/Dotfiles
[20:58:04.880][info] [#0:script/workspace/workspace.lua:330]: Scan files at:	file:///home/mark/Dotfiles
[20:58:04.884][info] [#0:script/workspace/workspace.lua:324]: Preload start:	<fallback>
[20:58:04.884][info] [#0:script/workspace/workspace.lua:324]: Preload start:	file:///home/mark/Dotfiles
[20:58:04.887][info] [#0:script/workspace/workspace.lua:330]: Scan files at:	file:///home/mark/Dotfiles
[20:58:04.889][info] [#0:script/workspace/workspace.lua:353]: Scan library at:	file:///home/mark/.local/share/nvim/mason/packages/lua-language-server/libexec/meta/Lua%205.4%20en-us%20utf8/table.lua
[20:58:04.890][info] [#0:script/workspace/workspace.lua:353]: Scan library at:	file:///home/mark/.local/share/nvim/mason/packages/lua-language-server/libexec/meta/Lua%205.4%20en-us%20utf8/io.lua
[20:58:04.890][info] [#0:script/workspace/workspace.lua:353]: Scan library at:	file:///home/mark/.local/share/nvim/mason/packages/lua-language-server/libexec/meta/Lua%205.4%20en-us%20utf8/basic.lua
[20:58:04.890][info] [#0:script/workspace/workspace.lua:353]: Scan library at:	file:///home/mark/.local/share/nvim/mason/packages/lua-language-server/libexec/meta/Lua%205.4%20en-us%20utf8/builtin.lua
[20:58:04.890][info] [#0:script/workspace/workspace.lua:324]: Preload start:	<fallback>
[20:58:04.891][info] [#0:script/workspace/workspace.lua:353]: Scan library at:	file:///home/mark/.local/share/nvim/mason/packages/lua-language-server/libexec/meta/Lua%205.4%20en-us%20utf8/string.lua
[20:58:04.891][info] [#0:script/workspace/workspace.lua:353]: Scan library at:	file:///home/mark/.local/share/nvim/mason/packages/lua-language-server/libexec/meta/Lua%205.4%20en-us%20utf8/math.lua
[20:58:04.891][info] [#0:script/workspace/workspace.lua:353]: Scan library at:	file:///home/mark/.local/share/nvim/mason/packages/lua-language-server/libexec/meta/Lua%205.4%20en-us%20utf8/debug.lua
[20:58:04.891][info] [#0:script/workspace/workspace.lua:353]: Scan library at:	file:///home/mark/.local/share/nvim/mason/packages/lua-language-server/libexec/meta/Lua%205.4%20en-us%20utf8/coroutine.lua
[20:58:04.892][info] [#0:script/workspace/workspace.lua:353]: Scan library at:	file:///home/mark/.local/share/nvim/mason/packages/lua-language-server/libexec/meta/Lua%205.4%20en-us%20utf8/package.lua
[20:58:04.892][info] [#0:script/workspace/workspace.lua:353]: Scan library at:	file:///home/mark/.local/share/nvim/mason/packages/lua-language-server/libexec/meta/Lua%205.4%20en-us%20utf8/utf8.lua
[20:58:04.892][info] [#0:script/workspace/workspace.lua:353]: Scan library at:	file:///home/mark/.local/share/nvim/mason/packages/lua-language-server/libexec/meta/Lua%205.4%20en-us%20utf8/os.lua
[20:58:04.896][info] [#0:script/workspace/workspace.lua:353]: Scan library at:	file:///home/mark/.local/share/nvim/mason/packages/lua-language-server/libexec/meta/Lua%205.4%20en-us%20utf8/table.lua
[20:58:04.896][info] [#0:script/workspace/workspace.lua:353]: Scan library at:	file:///home/mark/.local/share/nvim/mason/packages/lua-language-server/libexec/meta/Lua%205.4%20en-us%20utf8/io.lua
[20:58:04.897][info] [#0:script/workspace/workspace.lua:353]: Scan library at:	file:///home/mark/.local/share/nvim/mason/packages/lua-language-server/libexec/meta/Lua%205.4%20en-us%20utf8/basic.lua
[20:58:04.897][info] [#0:script/workspace/workspace.lua:353]: Scan library at:	file:///home/mark/.local/share/nvim/mason/packages/lua-language-server/libexec/meta/Lua%205.4%20en-us%20utf8/builtin.lua
[20:58:04.897][info] [#0:script/workspace/workspace.lua:353]: Scan library at:	file:///home/mark/.local/share/nvim/mason/packages/lua-language-server/libexec/meta/Lua%205.4%20en-us%20utf8/string.lua
[20:58:04.897][info] [#0:script/workspace/workspace.lua:353]: Scan library at:	file:///home/mark/.local/share/nvim/mason/packages/lua-language-server/libexec/meta/Lua%205.4%20en-us%20utf8/math.lua
[20:58:04.898][info] [#0:script/workspace/workspace.lua:353]: Scan library at:	file:///home/mark/.local/share/nvim/mason/packages/lua-language-server/libexec/meta/Lua%205.4%20en-us%20utf8/debug.lua
[20:58:04.898][info] [#0:script/workspace/workspace.lua:353]: Scan library at:	file:///home/mark/.local/share/nvim/mason/packages/lua-language-server/libexec/meta/Lua%205.4%20en-us%20utf8/coroutine.lua
[20:58:04.898][info] [#0:script/workspace/workspace.lua:353]: Scan library at:	file:///home/mark/.local/share/nvim/mason/packages/lua-language-server/libexec/meta/Lua%205.4%20en-us%20utf8/package.lua
[20:58:04.898][info] [#0:script/workspace/workspace.lua:353]: Scan library at:	file:///home/mark/.local/share/nvim/mason/packages/lua-language-server/libexec/meta/Lua%205.4%20en-us%20utf8/utf8.lua
[20:58:04.899][info] [#0:script/workspace/workspace.lua:353]: Scan library at:	file:///home/mark/.local/share/nvim/mason/packages/lua-language-server/libexec/meta/Lua%205.4%20en-us%20utf8/os.lua
[20:58:04.901][info] [#0:script/workspace/workspace.lua:353]: Scan library at:	file:///home/mark/.local/share/nvim/mason/packages/lua-language-server/libexec/meta/Lua%205.4%20en-us%20utf8/table.lua
[20:58:04.902][info] [#0:script/workspace/workspace.lua:353]: Scan library at:	file:///home/mark/.local/share/nvim/mason/packages/lua-language-server/libexec/meta/Lua%205.4%20en-us%20utf8/io.lua
[20:58:04.902][info] [#0:script/workspace/workspace.lua:353]: Scan library at:	file:///home/mark/.local/share/nvim/mason/packages/lua-language-server/libexec/meta/Lua%205.4%20en-us%20utf8/basic.lua
[20:58:04.902][info] [#0:script/workspace/workspace.lua:353]: Scan library at:	file:///home/mark/.local/share/nvim/mason/packages/lua-language-server/libexec/meta/Lua%205.4%20en-us%20utf8/builtin.lua
[20:58:04.902][info] [#0:script/workspace/workspace.lua:353]: Scan library at:	file:///home/mark/.local/share/nvim/mason/packages/lua-language-server/libexec/meta/Lua%205.4%20en-us%20utf8/string.lua
[20:58:04.902][info] [#0:script/workspace/workspace.lua:353]: Scan library at:	file:///home/mark/.local/share/nvim/mason/packages/lua-language-server/libexec/meta/Lua%205.4%20en-us%20utf8/math.lua
[20:58:04.902][info] [#0:script/workspace/workspace.lua:353]: Scan library at:	file:///home/mark/.local/share/nvim/mason/packages/lua-language-server/libexec/meta/Lua%205.4%20en-us%20utf8/debug.lua
[20:58:04.903][info] [#0:script/workspace/workspace.lua:353]: Scan library at:	file:///home/mark/.local/share/nvim/mason/packages/lua-language-server/libexec/meta/Lua%205.4%20en-us%20utf8/coroutine.lua
[20:58:04.903][info] [#0:script/workspace/workspace.lua:353]: Scan library at:	file:///home/mark/.local/share/nvim/mason/packages/lua-language-server/libexec/meta/Lua%205.4%20en-us%20utf8/package.lua
[20:58:04.903][info] [#0:script/workspace/workspace.lua:353]: Scan library at:	file:///home/mark/.local/share/nvim/mason/packages/lua-language-server/libexec/meta/Lua%205.4%20en-us%20utf8/utf8.lua
[20:58:04.903][info] [#0:script/workspace/workspace.lua:353]: Scan library at:	file:///home/mark/.local/share/nvim/mason/packages/lua-language-server/libexec/meta/Lua%205.4%20en-us%20utf8/os.lua
[20:58:04.908][info] [#0:script/workspace/workspace.lua:353]: Scan library at:	file:///home/mark/.local/share/nvim/mason/packages/lua-language-server/libexec/meta/Lua%205.4%20en-us%20utf8/table.lua
[20:58:04.908][info] [#0:script/workspace/workspace.lua:353]: Scan library at:	file:///home/mark/.local/share/nvim/mason/packages/lua-language-server/libexec/meta/Lua%205.4%20en-us%20utf8/io.lua
[20:58:04.908][info] [#0:script/workspace/workspace.lua:353]: Scan library at:	file:///home/mark/.local/share/nvim/mason/packages/lua-language-server/libexec/meta/Lua%205.4%20en-us%20utf8/basic.lua
[20:58:04.908][info] [#0:script/workspace/workspace.lua:353]: Scan library at:	file:///home/mark/.local/share/nvim/mason/packages/lua-language-server/libexec/meta/Lua%205.4%20en-us%20utf8/builtin.lua
[20:58:04.908][info] [#0:script/workspace/workspace.lua:353]: Scan library at:	file:///home/mark/.local/share/nvim/mason/packages/lua-language-server/libexec/meta/Lua%205.4%20en-us%20utf8/string.lua
[20:58:04.908][info] [#0:script/workspace/workspace.lua:353]: Scan library at:	file:///home/mark/.local/share/nvim/mason/packages/lua-language-server/libexec/meta/Lua%205.4%20en-us%20utf8/math.lua
[20:58:04.909][info] [#0:script/workspace/workspace.lua:353]: Scan library at:	file:///home/mark/.local/share/nvim/mason/packages/lua-language-server/libexec/meta/Lua%205.4%20en-us%20utf8/debug.lua
[20:58:04.909][info] [#0:script/workspace/workspace.lua:353]: Scan library at:	file:///home/mark/.local/share/nvim/mason/packages/lua-language-server/libexec/meta/Lua%205.4%20en-us%20utf8/coroutine.lua
[20:58:04.909][info] [#0:script/workspace/workspace.lua:353]: Scan library at:	file:///home/mark/.local/share/nvim/mason/packages/lua-language-server/libexec/meta/Lua%205.4%20en-us%20utf8/package.lua
[20:58:04.909][info] [#0:script/workspace/workspace.lua:353]: Scan library at:	file:///home/mark/.local/share/nvim/mason/packages/lua-language-server/libexec/meta/Lua%205.4%20en-us%20utf8/utf8.lua
[20:58:04.909][info] [#0:script/workspace/workspace.lua:353]: Scan library at:	file:///home/mark/.local/share/nvim/mason/packages/lua-language-server/libexec/meta/Lua%205.4%20en-us%20utf8/os.lua
[20:58:05.003][info] [#0:script/workspace/workspace.lua:379]: Found 11 files at:	<fallback>
[20:58:05.003][info] [#0:script/workspace/loading.lua:160]: Load files from disk:	<fallback>
[20:58:05.003][info] [#0:script/workspace/workspace.lua:379]: Found 35 files at:	file:///home/mark/Dotfiles
[20:58:05.003][info] [#0:script/workspace/loading.lua:160]: Load files from disk:	file:///home/mark/Dotfiles
[20:58:05.006][info] [#0:script/workspace/loading.lua:100]: Preload file at: file:///home/mark/.local/share/nvim/mason/packages/lua-language-server/libexec/meta/Lua%205.4%20en-us%20utf8/os.lua , size = 5.611 KB
[20:58:05.009][info] [#0:script/workspace/workspace.lua:379]: Found 11 files at:	<fallback>
[20:58:05.010][info] [#0:script/workspace/loading.lua:160]: Load files from disk:	<fallback>
[20:58:05.010][info] [#0:script/workspace/workspace.lua:379]: Found 35 files at:	file:///home/mark/Dotfiles
[20:58:05.010][info] [#0:script/workspace/loading.lua:160]: Load files from disk:	file:///home/mark/Dotfiles
[20:58:05.010][info] [#0:script/workspace/loading.lua:112]: ++++As library of:	file:///home/mark/.local/share/nvim/mason/packages/lua-language-server/libexec/meta/Lua%205.4%20en-us%20utf8/os.lua
[20:58:05.010][info] [#0:script/workspace/loading.lua:100]: Preload file at: file:///home/mark/.local/share/nvim/mason/packages/lua-language-server/libexec/meta/Lua%205.4%20en-us%20utf8/utf8.lua , size = 2.386 KB
[20:58:05.011][info] [#0:script/workspace/loading.lua:100]: Preload file at: file:///home/mark/.local/share/nvim/mason/packages/lua-language-server/libexec/meta/Lua%205.4%20en-us%20utf8/os.lua , size = 5.611 KB
[20:58:05.013][info] [#0:script/workspace/loading.lua:112]: ++++As library of:	file:///home/mark/.local/share/nvim/mason/packages/lua-language-server/libexec/meta/Lua%205.4%20en-us%20utf8/utf8.lua
[20:58:05.013][info] [#0:script/workspace/loading.lua:97]: Skip loaded file: file:///home/mark/.local/share/nvim/mason/packages/lua-language-server/libexec/meta/Lua%205.4%20en-us%20utf8/utf8.lua
[20:58:05.013][info] [#0:script/workspace/loading.lua:97]: Skip loaded file: file:///home/mark/.local/share/nvim/mason/packages/lua-language-server/libexec/meta/Lua%205.4%20en-us%20utf8/os.lua
[20:58:05.013][info] [#0:script/workspace/loading.lua:100]: Preload file at: file:///home/mark/.local/share/nvim/mason/packages/lua-language-server/libexec/meta/Lua%205.4%20en-us%20utf8/package.lua , size = 2.944 KB
[20:58:05.016][info] [#0:script/workspace/loading.lua:112]: ++++As library of:	file:///home/mark/.local/share/nvim/mason/packages/lua-language-server/libexec/meta/Lua%205.4%20en-us%20utf8/os.lua
[20:58:05.016][info] [#0:script/workspace/loading.lua:100]: Preload file at: file:///home/mark/.local/share/nvim/mason/packages/lua-language-server/libexec/meta/Lua%205.4%20en-us%20utf8/utf8.lua , size = 2.386 KB
[20:58:05.017][info] [#0:script/workspace/loading.lua:112]: ++++As library of:	file:///home/mark/.local/share/nvim/mason/packages/lua-language-server/libexec/meta/Lua%205.4%20en-us%20utf8/package.lua
[20:58:05.017][info] [#0:script/workspace/loading.lua:97]: Skip loaded file: file:///home/mark/.local/share/nvim/mason/packages/lua-language-server/libexec/meta/Lua%205.4%20en-us%20utf8/package.lua
[20:58:05.017][info] [#0:script/workspace/loading.lua:100]: Preload file at: file:///home/mark/.local/share/nvim/mason/packages/lua-language-server/libexec/meta/Lua%205.4%20en-us%20utf8/coroutine.lua , size = 2.590 KB
[20:58:05.018][info] [#0:script/workspace/loading.lua:112]: ++++As library of:	file:///home/mark/.local/share/nvim/mason/packages/lua-language-server/libexec/meta/Lua%205.4%20en-us%20utf8/utf8.lua
[20:58:05.018][info] [#0:script/workspace/loading.lua:97]: Skip loaded file: file:///home/mark/.local/share/nvim/mason/packages/lua-language-server/libexec/meta/Lua%205.4%20en-us%20utf8/os.lua
[20:58:05.018][info] [#0:script/workspace/loading.lua:97]: Skip loaded file: file:///home/mark/.local/share/nvim/mason/packages/lua-language-server/libexec/meta/Lua%205.4%20en-us%20utf8/utf8.lua
[20:58:05.018][info] [#0:script/workspace/loading.lua:100]: Preload file at: file:///home/mark/.local/share/nvim/mason/packages/lua-language-server/libexec/meta/Lua%205.4%20en-us%20utf8/package.lua , size = 2.944 KB
[20:58:05.019][info] [#0:script/workspace/loading.lua:112]: ++++As library of:	file:///home/mark/.local/share/nvim/mason/packages/lua-language-server/libexec/meta/Lua%205.4%20en-us%20utf8/coroutine.lua
[20:58:05.019][info] [#0:script/workspace/loading.lua:97]: Skip loaded file: file:///home/mark/.local/share/nvim/mason/packages/lua-language-server/libexec/meta/Lua%205.4%20en-us%20utf8/coroutine.lua
[20:58:05.019][info] [#0:script/workspace/loading.lua:100]: Preload file at: file:///home/mark/.local/share/nvim/mason/packages/lua-language-server/libexec/meta/Lua%205.4%20en-us%20utf8/debug.lua , size = 7.637 KB
[20:58:05.020][info] [#0:script/workspace/loading.lua:112]: ++++As library of:	file:///home/mark/.local/share/nvim/mason/packages/lua-language-server/libexec/meta/Lua%205.4%20en-us%20utf8/package.lua
[20:58:05.020][info] [#0:script/workspace/loading.lua:97]: Skip loaded file: file:///home/mark/.local/share/nvim/mason/packages/lua-language-server/libexec/meta/Lua%205.4%20en-us%20utf8/package.lua
[20:58:05.020][info] [#0:script/workspace/loading.lua:100]: Preload file at: file:///home/mark/.local/share/nvim/mason/packages/lua-language-server/libexec/meta/Lua%205.4%20en-us%20utf8/coroutine.lua , size = 2.590 KB
[20:58:05.024][info] [#0:script/workspace/loading.lua:112]: ++++As library of:	file:///home/mark/.local/share/nvim/mason/packages/lua-language-server/libexec/meta/Lua%205.4%20en-us%20utf8/coroutine.lua
[20:58:05.024][info] [#0:script/workspace/loading.lua:97]: Skip loaded file: file:///home/mark/.local/share/nvim/mason/packages/lua-language-server/libexec/meta/Lua%205.4%20en-us%20utf8/coroutine.lua
[20:58:05.024][info] [#0:script/workspace/loading.lua:100]: Preload file at: file:///home/mark/.local/share/nvim/mason/packages/lua-language-server/libexec/meta/Lua%205.4%20en-us%20utf8/debug.lua , size = 7.637 KB
[20:58:05.025][info] [#0:script/workspace/loading.lua:112]: ++++As library of:	file:///home/mark/.local/share/nvim/mason/packages/lua-language-server/libexec/meta/Lua%205.4%20en-us%20utf8/debug.lua
[20:58:05.025][info] [#0:script/workspace/loading.lua:97]: Skip loaded file: file:///home/mark/.local/share/nvim/mason/packages/lua-language-server/libexec/meta/Lua%205.4%20en-us%20utf8/debug.lua
[20:58:05.025][info] [#0:script/workspace/loading.lua:100]: Preload file at: file:///home/mark/.local/share/nvim/mason/packages/lua-language-server/libexec/meta/Lua%205.4%20en-us%20utf8/math.lua , size = 8.542 KB
[20:58:05.030][info] [#0:script/workspace/loading.lua:112]: ++++As library of:	file:///home/mark/.local/share/nvim/mason/packages/lua-language-server/libexec/meta/Lua%205.4%20en-us%20utf8/debug.lua
[20:58:05.030][info] [#0:script/workspace/loading.lua:97]: Skip loaded file: file:///home/mark/.local/share/nvim/mason/packages/lua-language-server/libexec/meta/Lua%205.4%20en-us%20utf8/debug.lua
[20:58:05.030][info] [#0:script/workspace/loading.lua:100]: Preload file at: file:///home/mark/.local/share/nvim/mason/packages/lua-language-server/libexec/meta/Lua%205.4%20en-us%20utf8/math.lua , size = 8.542 KB
[20:58:05.032][info] [#0:script/workspace/loading.lua:112]: ++++As library of:	file:///home/mark/.local/share/nvim/mason/packages/lua-language-server/libexec/meta/Lua%205.4%20en-us%20utf8/math.lua
[20:58:05.032][info] [#0:script/workspace/loading.lua:97]: Skip loaded file: file:///home/mark/.local/share/nvim/mason/packages/lua-language-server/libexec/meta/Lua%205.4%20en-us%20utf8/math.lua
[20:58:05.032][info] [#0:script/workspace/loading.lua:100]: Preload file at: file:///home/mark/.local/share/nvim/mason/packages/lua-language-server/libexec/meta/Lua%205.4%20en-us%20utf8/string.lua , size = 5.234 KB
[20:58:05.035][info] [#0:script/workspace/loading.lua:112]: ++++As library of:	file:///home/mark/.local/share/nvim/mason/packages/lua-language-server/libexec/meta/Lua%205.4%20en-us%20utf8/string.lua
[20:58:05.035][info] [#0:script/workspace/loading.lua:100]: Preload file at: file:///home/mark/.local/share/nvim/mason/packages/lua-language-server/libexec/meta/Lua%205.4%20en-us%20utf8/builtin.lua , size = 0.302 KB
[20:58:05.036][info] [#0:script/workspace/loading.lua:112]: ++++As library of:	file:///home/mark/.local/share/nvim/mason/packages/lua-language-server/libexec/meta/Lua%205.4%20en-us%20utf8/builtin.lua
[20:58:05.036][info] [#0:script/workspace/loading.lua:97]: Skip loaded file: file:///home/mark/.local/share/nvim/mason/packages/lua-language-server/libexec/meta/Lua%205.4%20en-us%20utf8/builtin.lua
[20:58:05.036][info] [#0:script/workspace/loading.lua:97]: Skip loaded file: file:///home/mark/.local/share/nvim/mason/packages/lua-language-server/libexec/meta/Lua%205.4%20en-us%20utf8/string.lua
[20:58:05.036][info] [#0:script/workspace/loading.lua:100]: Preload file at: file:///home/mark/.local/share/nvim/mason/packages/lua-language-server/libexec/meta/Lua%205.4%20en-us%20utf8/basic.lua , size = 15.841 KB
[20:58:05.037][info] [#0:script/workspace/loading.lua:112]: ++++As library of:	file:///home/mark/.local/share/nvim/mason/packages/lua-language-server/libexec/meta/Lua%205.4%20en-us%20utf8/math.lua
[20:58:05.037][info] [#0:script/workspace/loading.lua:97]: Skip loaded file: file:///home/mark/.local/share/nvim/mason/packages/lua-language-server/libexec/meta/Lua%205.4%20en-us%20utf8/math.lua
[20:58:05.037][info] [#0:script/workspace/loading.lua:100]: Preload file at: file:///home/mark/.local/share/nvim/mason/packages/lua-language-server/libexec/meta/Lua%205.4%20en-us%20utf8/string.lua , size = 5.234 KB
[20:58:05.040][info] [#0:script/workspace/loading.lua:112]: ++++As library of:	file:///home/mark/.local/share/nvim/mason/packages/lua-language-server/libexec/meta/Lua%205.4%20en-us%20utf8/string.lua
[20:58:05.040][info] [#0:script/workspace/loading.lua:100]: Preload file at: file:///home/mark/.local/share/nvim/mason/packages/lua-language-server/libexec/meta/Lua%205.4%20en-us%20utf8/builtin.lua , size = 0.302 KB
[20:58:05.040][info] [#0:script/workspace/loading.lua:112]: ++++As library of:	file:///home/mark/.local/share/nvim/mason/packages/lua-language-server/libexec/meta/Lua%205.4%20en-us%20utf8/builtin.lua
[20:58:05.040][info] [#0:script/workspace/loading.lua:97]: Skip loaded file: file:///home/mark/.local/share/nvim/mason/packages/lua-language-server/libexec/meta/Lua%205.4%20en-us%20utf8/builtin.lua
[20:58:05.040][info] [#0:script/workspace/loading.lua:97]: Skip loaded file: file:///home/mark/.local/share/nvim/mason/packages/lua-language-server/libexec/meta/Lua%205.4%20en-us%20utf8/string.lua
[20:58:05.040][info] [#0:script/workspace/loading.lua:100]: Preload file at: file:///home/mark/.local/share/nvim/mason/packages/lua-language-server/libexec/meta/Lua%205.4%20en-us%20utf8/basic.lua , size = 15.841 KB
[20:58:05.044][info] [#0:script/workspace/loading.lua:112]: ++++As library of:	file:///home/mark/.local/share/nvim/mason/packages/lua-language-server/libexec/meta/Lua%205.4%20en-us%20utf8/basic.lua
[20:58:05.044][info] [#0:script/workspace/loading.lua:100]: Preload file at: file:///home/mark/.local/share/nvim/mason/packages/lua-language-server/libexec/meta/Lua%205.4%20en-us%20utf8/io.lua , size = 6.364 KB
[20:58:05.048][info] [#0:script/workspace/loading.lua:112]: ++++As library of:	file:///home/mark/.local/share/nvim/mason/packages/lua-language-server/libexec/meta/Lua%205.4%20en-us%20utf8/basic.lua
[20:58:05.049][info] [#0:script/workspace/loading.lua:97]: Skip loaded file: file:///home/mark/.local/share/nvim/mason/packages/lua-language-server/libexec/meta/Lua%205.4%20en-us%20utf8/basic.lua
[20:58:05.049][info] [#0:script/workspace/loading.lua:100]: Preload file at: file:///home/mark/.local/share/nvim/mason/packages/lua-language-server/libexec/meta/Lua%205.4%20en-us%20utf8/io.lua , size = 6.364 KB
[20:58:05.050][info] [#0:script/workspace/loading.lua:112]: ++++As library of:	file:///home/mark/.local/share/nvim/mason/packages/lua-language-server/libexec/meta/Lua%205.4%20en-us%20utf8/io.lua
[20:58:05.050][info] [#0:script/workspace/loading.lua:97]: Skip loaded file: file:///home/mark/.local/share/nvim/mason/packages/lua-language-server/libexec/meta/Lua%205.4%20en-us%20utf8/io.lua
[20:58:05.050][info] [#0:script/workspace/loading.lua:97]: Skip loaded file: file:///home/mark/.local/share/nvim/mason/packages/lua-language-server/libexec/meta/Lua%205.4%20en-us%20utf8/basic.lua
[20:58:05.050][info] [#0:script/workspace/loading.lua:100]: Preload file at: file:///home/mark/.local/share/nvim/mason/packages/lua-language-server/libexec/meta/Lua%205.4%20en-us%20utf8/table.lua , size = 4.445 KB
[20:58:05.053][info] [#0:script/workspace/loading.lua:112]: ++++As library of:	file:///home/mark/.local/share/nvim/mason/packages/lua-language-server/libexec/meta/Lua%205.4%20en-us%20utf8/table.lua
[20:58:05.053][info] [#0:script/workspace/loading.lua:97]: Skip loaded file: file:///home/mark/.local/share/nvim/mason/packages/lua-language-server/libexec/meta/Lua%205.4%20en-us%20utf8/table.lua
[20:58:05.053][info] [#0:script/workspace/loading.lua:100]: Preload file at: file:///home/mark/Dotfiles/config/nvim/.config/nvim/lua/plugins/neotree.lua , size = 0.386 KB
[20:58:05.054][info] [#0:script/workspace/loading.lua:100]: Preload file at: file:///home/mark/Dotfiles/config/nvim/.config/nvim/lua/plugins/whichkey.lua , size = 1.599 KB
[20:58:05.054][info] [#0:script/workspace/loading.lua:100]: Preload file at: file:///home/mark/Dotfiles/config/nvim/.config/nvim/lua/plugins/autopairs.lua , size = 0.128 KB
[20:58:05.055][info] [#0:script/workspace/loading.lua:100]: Preload file at: file:///home/mark/Dotfiles/config/nvim/.config/nvim/lua/plugins/lsp.lua , size = 1.685 KB
[20:58:05.055][info] [#0:script/workspace/loading.lua:112]: ++++As library of:	file:///home/mark/.local/share/nvim/mason/packages/lua-language-server/libexec/meta/Lua%205.4%20en-us%20utf8/io.lua
[20:58:05.055][info] [#0:script/workspace/loading.lua:97]: Skip loaded file: file:///home/mark/.local/share/nvim/mason/packages/lua-language-server/libexec/meta/Lua%205.4%20en-us%20utf8/io.lua
[20:58:05.055][info] [#0:script/workspace/loading.lua:100]: Preload file at: file:///home/mark/.local/share/nvim/mason/packages/lua-language-server/libexec/meta/Lua%205.4%20en-us%20utf8/table.lua , size = 4.445 KB
[20:58:05.056][info] [#0:script/workspace/loading.lua:100]: Preload file at: file:///home/mark/Dotfiles/config/nvim/.config/nvim/lua/plugins/telescope.lua , size = 2.550 KB
[20:58:05.057][info] [#0:script/workspace/loading.lua:100]: Preload file at: file:///home/mark/Dotfiles/config/nvim/.config/nvim/lua/plugins/completions.lua , size = 1.461 KB
[20:58:05.058][info] [#0:script/workspace/loading.lua:100]: Preload file at: file:///home/mark/Dotfiles/config/nvim/.config/nvim/lua/plugins/lualine.lua , size = 0.188 KB
[20:58:05.058][info] [#0:script/workspace/loading.lua:100]: Preload file at: file:///home/mark/Dotfiles/config/nvim/.config/nvim/lua/plugins/catppuccin.lua , size = 0.204 KB
[20:58:05.058][info] [#0:script/workspace/loading.lua:112]: ++++As library of:	file:///home/mark/.local/share/nvim/mason/packages/lua-language-server/libexec/meta/Lua%205.4%20en-us%20utf8/table.lua
[20:58:05.058][info] [#0:script/workspace/loading.lua:97]: Skip loaded file: file:///home/mark/.local/share/nvim/mason/packages/lua-language-server/libexec/meta/Lua%205.4%20en-us%20utf8/table.lua
[20:58:05.058][info] [#0:script/workspace/loading.lua:100]: Preload file at: file:///home/mark/Dotfiles/config/nvim/.config/nvim/lua/config/mappings.lua , size = 2.532 KB
[20:58:05.058][info] [#0:script/workspace/loading.lua:100]: Preload file at: file:///home/mark/Dotfiles/config/nvim/.config/nvim/lua/plugins/neotree.lua , size = 0.386 KB
[20:58:05.059][info] [#0:script/workspace/loading.lua:100]: Preload file at: file:///home/mark/Dotfiles/config/nvim/.config/nvim/lua/plugins/whichkey.lua , size = 1.599 KB
[20:58:05.059][info] [#0:script/workspace/loading.lua:100]: Preload file at: file:///home/mark/Dotfiles/config/nvim/.config/nvim/lua/plugins/autopairs.lua , size = 0.128 KB
[20:58:05.060][info] [#0:script/workspace/loading.lua:100]: Preload file at: file:///home/mark/Dotfiles/config/nvim/.config/nvim/lua/plugins/lsp.lua , size = 1.685 KB
[20:58:05.060][info] [#0:script/workspace/loading.lua:100]: Preload file at: file:///home/mark/Dotfiles/config/nvim/.config/nvim/lua/config/defaults.lua , size = 4.793 KB
[20:58:05.061][info] [#0:script/workspace/loading.lua:100]: Preload file at: file:///home/mark/Dotfiles/config/nvim/.config/nvim/lua/plugins/telescope.lua , size = 2.550 KB
[20:58:05.062][info] [#0:script/workspace/loading.lua:100]: Preload file at: file:///home/mark/Dotfiles/config/nvim/.config/nvim/lua/plugins/completions.lua , size = 1.461 KB
[20:58:05.062][info] [#0:script/workspace/loading.lua:100]: Preload file at: file:///home/mark/Dotfiles/config/nvim/.config/nvim/old/lua/plugins/treesitter.lua , size = 0.350 KB
[20:58:05.062][info] [#0:script/workspace/loading.lua:100]: Preload file at: file:///home/mark/Dotfiles/config/nvim/.config/nvim/lua/plugins/lualine.lua , size = 0.188 KB
[20:58:05.063][info] [#0:script/workspace/loading.lua:100]: Preload file at: file:///home/mark/Dotfiles/config/nvim/.config/nvim/lua/plugins/catppuccin.lua , size = 0.204 KB
[20:58:05.063][info] [#0:script/workspace/loading.lua:100]: Preload file at: file:///home/mark/Dotfiles/config/nvim/.config/nvim/old/lua/plugins/neotree.lua , size = 0.235 KB
[20:58:05.063][info] [#0:script/workspace/loading.lua:100]: Preload file at: file:///home/mark/Dotfiles/config/nvim/.config/nvim/lua/config/mappings.lua , size = 2.532 KB
[20:58:05.063][info] [#0:script/workspace/loading.lua:100]: Preload file at: file:///home/mark/Dotfiles/config/nvim/.config/nvim/old/lua/plugins/telescope.lua , size = 0.470 KB
[20:58:05.064][info] [#0:script/workspace/loading.lua:100]: Preload file at: file:///home/mark/Dotfiles/config/nvim/.config/nvim/old/lua/plugins/completions.lua , size = 0.979 KB
[20:58:05.065][info] [#0:script/workspace/loading.lua:100]: Preload file at: file:///home/mark/Dotfiles/config/nvim/.config/nvim/old/lua/plugins/none-ls.lua , size = 0.501 KB
[20:58:05.065][info] [#0:script/workspace/loading.lua:100]: Preload file at: file:///home/mark/Dotfiles/config/nvim/.config/nvim/old/lua/plugins/lualine.lua , size = 0.156 KB
[20:58:05.065][info] [#0:script/workspace/loading.lua:100]: Preload file at: file:///home/mark/Dotfiles/config/nvim/.config/nvim/lua/config/defaults.lua , size = 4.793 KB
[20:58:05.066][info] [#0:script/workspace/loading.lua:100]: Preload file at: file:///home/mark/Dotfiles/config/nvim/.config/nvim/old/lua/plugins/catppuccin.lua , size = 0.139 KB
[20:58:05.066][info] [#0:script/workspace/loading.lua:100]: Preload file at: file:///home/mark/Dotfiles/config/nvim/.config/nvim/old/lua/plugins/which-key.lua , size = 0.411 KB
[20:58:05.066][info] [#0:script/workspace/loading.lua:100]: Preload file at: file:///home/mark/Dotfiles/config/nvim/.config/nvim/old/lua/plugins/lsp-config.lua , size = 0.883 KB
[20:58:05.067][info] [#0:script/workspace/loading.lua:100]: Preload file at: file:///home/mark/Dotfiles/config/nvim/.config/nvim/old/lua/config/mappings.lua , size = 1.180 KB
[20:58:05.067][info] [#0:script/workspace/loading.lua:100]: Preload file at: file:///home/mark/Dotfiles/config/nvim/.config/nvim/old/lua/plugins/treesitter.lua , size = 0.350 KB
[20:58:05.068][info] [#0:script/workspace/loading.lua:100]: Preload file at: file:///home/mark/Dotfiles/config/nvim/.config/nvim/old/lua/plugins/neotree.lua , size = 0.235 KB
[20:58:05.068][info] [#0:script/workspace/loading.lua:100]: Preload file at: file:///home/mark/Dotfiles/config/nvim/.config/nvim/old/lua/config/options.lua , size = 0.460 KB
[20:58:05.068][info] [#0:script/workspace/loading.lua:100]: Preload file at: file:///home/mark/Dotfiles/config/nvim/.config/nvim/old/lua/plugins/telescope.lua , size = 0.470 KB
[20:58:05.069][info] [#0:script/workspace/loading.lua:100]: Preload file at: file:///home/mark/Dotfiles/config/nvim/.config/nvim/old/lua/plugins/completions.lua , size = 0.979 KB
[20:58:05.069][info] [#0:script/workspace/loading.lua:100]: Preload file at: file:///home/mark/Dotfiles/config/nvim/.config/nvim/old/lua/plugins.lua , size = 0.012 KB
[20:58:05.069][info] [#0:script/workspace/loading.lua:100]: Preload file at: file:///home/mark/Dotfiles/config/nvim/.config/nvim/old/init.lua , size = 0.789 KB
[20:58:05.069][info] [#0:script/workspace/loading.lua:100]: Preload file at: file:///home/mark/Dotfiles/config/nvim/.config/nvim/old/lua/plugins/none-ls.lua , size = 0.501 KB
[20:58:05.070][info] [#0:script/workspace/loading.lua:100]: Preload file at: file:///home/mark/Dotfiles/config/nvim/.config/nvim/old/lua/plugins/lualine.lua , size = 0.156 KB
[20:58:05.070][info] [#0:script/workspace/loading.lua:88]: Skip loaded file: file:///home/mark/Dotfiles/config/nvim/.config/nvim/init.lua
[20:58:05.070][info] [#0:script/workspace/loading.lua:172]: Loaded files takes [0.070] sec: file:///home/mark/Dotfiles
[20:58:05.070][info] [#0:script/workspace/loading.lua:181]: Compile files takes [0.000] sec: file:///home/mark/Dotfiles
[20:58:05.070][info] [#0:script/workspace/loading.lua:182]: Loaded finish:	file:///home/mark/Dotfiles
[20:58:05.070][info] [#0:script/workspace/workspace.lua:381]: Preload finish at:	file:///home/mark/Dotfiles
[20:58:05.070][info] [#0:script/workspace/loading.lua:100]: Preload file at: file:///home/mark/Dotfiles/config/nvim/.config/nvim/old/lua/plugins/catppuccin.lua , size = 0.139 KB
[20:58:05.071][info] [#0:script/workspace/loading.lua:100]: Preload file at: file:///home/mark/Dotfiles/config/nvim/.config/nvim/old/lua/plugins/which-key.lua , size = 0.411 KB
[20:58:05.071][info] [#0:script/workspace/loading.lua:100]: Preload file at: file:///home/mark/Dotfiles/config/nvim/.config/nvim/old/lua/plugins/lsp-config.lua , size = 0.883 KB
[20:58:05.072][info] [#0:script/workspace/loading.lua:100]: Preload file at: file:///home/mark/Dotfiles/config/nvim/.config/nvim/old/lua/config/mappings.lua , size = 1.180 KB
[20:58:05.073][info] [#0:script/workspace/loading.lua:100]: Preload file at: file:///home/mark/Dotfiles/config/nvim/.config/nvim/old/lua/config/options.lua , size = 0.460 KB
[20:58:05.074][info] [#0:script/workspace/loading.lua:88]: Skip loaded file: file:///home/mark/Dotfiles/config/nvim/.config/nvim/init.lua
[20:58:05.074][info] [#0:script/workspace/loading.lua:100]: Preload file at: file:///home/mark/Dotfiles/config/nvim/.config/nvim/old/lua/plugins.lua , size = 0.012 KB
[20:58:05.074][info] [#0:script/workspace/loading.lua:100]: Preload file at: file:///home/mark/Dotfiles/config/nvim/.config/nvim/old/init.lua , size = 0.789 KB
[20:58:05.075][info] [#0:script/workspace/loading.lua:172]: Loaded files takes [0.067] sec: file:///home/mark/Dotfiles
[20:58:05.075][info] [#0:script/workspace/loading.lua:181]: Compile files takes [0.000] sec: file:///home/mark/Dotfiles
[20:58:05.075][info] [#0:script/workspace/loading.lua:182]: Loaded finish:	file:///home/mark/Dotfiles
[20:58:05.075][info] [#0:script/workspace/workspace.lua:381]: Preload finish at:	file:///home/mark/Dotfiles
[20:58:05.180][info] [#0:script/workspace/loading.lua:172]: Loaded files takes [0.079] sec: <fallback>
[20:58:05.180][info] [#0:script/workspace/loading.lua:181]: Compile files takes [0.000] sec: <fallback>
[20:58:05.180][info] [#0:script/workspace/loading.lua:182]: Loaded finish:	<fallback>
[20:58:05.180][info] [#0:script/workspace/workspace.lua:381]: Preload finish at:	<fallback>
[20:58:05.184][info] [#0:script/workspace/loading.lua:172]: Loaded files takes [0.076] sec: <fallback>
[20:58:05.184][info] [#0:script/workspace/loading.lua:181]: Compile files takes [0.000] sec: <fallback>
[20:58:05.184][info] [#0:script/workspace/loading.lua:182]: Loaded finish:	<fallback>
[20:58:05.184][info] [#0:script/workspace/workspace.lua:381]: Preload finish at:	<fallback>
[20:58:06.097][info] [#0:script/provider/diagnostic.lua:560]: Diagnostics scope [file:///home/mark/Dotfiles], files count:[35]
[20:58:06.103][info] [#0:script/provider/diagnostic.lua:560]: Diagnostics scope [file:///home/mark/Dotfiles], files count:[35]
[20:58:06.350][info] [#0:script/provider/diagnostic.lua:577]: Diagnostics scope [file:///home/mark/Dotfiles] finished, takes [0.084] sec.
[20:58:06.354][info] [#0:script/provider/diagnostic.lua:577]: Diagnostics scope [file:///home/mark/Dotfiles] finished, takes [0.083] sec.
[20:58:28.451][info] [#0:script/provider/diagnostic.lua:171]: clearDiagnostics	file:///home/mark/Dotfiles/config/nvim/.config/nvim/init.lua
[20:58:28.546][info] [#0:script/provider/diagnostic.lua:171]: clearDiagnostics	file:///home/mark/Dotfiles/config/nvim/.config/nvim/init.lua
[20:58:32.004][info] [#0:script/provider/diagnostic.lua:171]: clearDiagnostics	file:///home/mark/Dotfiles/config/nvim/.config/nvim/init.lua
[20:58:32.096][info] [#0:script/provider/diagnostic.lua:171]: clearDiagnostics	file:///home/mark/Dotfiles/config/nvim/.config/nvim/init.lua
[20:58:37.540][warn] [#0:script/pub/report.lua:24]: Load proto error:	Disconnected!
[20:58:37.550][warn] [#0:script/pub/report.lua:24]: Load proto error:	Disconnected!
