2025-05-07 10:43:30[ERROR] Formatter 'black' error: error: cannot format /home/mark/Development/python/hello.py: unindent does not match any outer indentation level (<tokenize>, line 3)

2025-05-07 10:43:32[ERROR] Formatter 'black' error: error: cannot format /home/mark/Development/python/hello.py: unindent does not match any outer indentation level (<tokenize>, line 3)

2025-05-07 10:43:33[ERROR] Formatter 'black' error: error: cannot format /home/mark/Development/python/hello.py: unindent does not match any outer indentation level (<tokenize>, line 3)

2025-05-07 10:43:34[ERROR] Formatter 'black' error: error: cannot format /home/mark/Development/python/hello.py: unindent does not match any outer indentation level (<tokenize>, line 3)

2025-05-07 13:48:11[ERROR] Formatter 'stylua' error: error: could not format from stdin: failed to format from stdin: error parsing: 
 - unexpected token `:` (13:8 to 13:9), expected `}` after last field
 - unexpected token `:` (13:8 to 13:9), expected `}` after last field
 - unexpected token `:` (13:8 to 13:9), expected `}` after last field
 - unexpected token `:` (13:8 to 13:9), expected `}` after last field
 - unexpected token `:` (13:8 to 13:9), unexpected token, this needs to be a statement
 - unexpected token `config` (21:3 to 21:9), unexpected statement after last statement
 - unexpected token `}` (50:3 to 50:4), unexpected token, this needs to be a statement

2025-05-07 13:48:15[ERROR] Formatter 'stylua' error: error: could not format from stdin: failed to format from stdin: error parsing: 
 - unexpected token `:` (13:8 to 13:9), expected `}` after last field
 - unexpected token `:` (13:8 to 13:9), expected `}` after last field
 - unexpected token `:` (13:8 to 13:9), expected `}` after last field
 - unexpected token `:` (13:8 to 13:9), expected `}` after last field
 - unexpected token `:` (13:8 to 13:9), unexpected token, this needs to be a statement
 - unexpected token `config` (21:3 to 21:9), unexpected statement after last statement
 - unexpected token `}` (50:3 to 50:4), unexpected token, this needs to be a statement

2025-05-07 13:51:38[ERROR] Formatter 'stylua' error: error: could not format from stdin: failed to format from stdin: error parsing: 
 - unexpected token `:` (13:8 to 13:9), expected `}` after last field
 - unexpected token `:` (13:8 to 13:9), expected `}` after last field
 - unexpected token `:` (13:8 to 13:9), expected `}` after last field
 - unexpected token `:` (13:8 to 13:9), expected `}` after last field
 - unexpected token `:` (13:8 to 13:9), unexpected token, this needs to be a statement
 - unexpected token `config` (21:3 to 21:9), unexpected statement after last statement
 - unexpected token `}` (50:3 to 50:4), unexpected token, this needs to be a statement

2025-05-07 13:52:46[ERROR] Formatter 'black' error: error: cannot format /home/mark/Development/python/hello.py: unindent does not match any outer indentation level (<tokenize>, line 3)

2025-05-07 13:57:02[ERROR] Formatter 'black' error: error: cannot format /home/mark/Development/python/hello.py: unindent does not match any outer indentation level (<tokenize>, line 3)

2025-05-07 14:02:09[ERROR] Formatter 'black' error: error: cannot format /home/mark/Development/python/hello.py: unindent does not match any outer indentation level (<tokenize>, line 3)

2025-05-07 14:07:00[ERROR] Formatter 'stylua' error: error: could not format from stdin: failed to format from stdin: error parsing: 
 - unexpected token `=` (47:4 to 48:18), expected `end` to close function body block
 - unexpected token `=` (48:19 to 48:20), expected `}` after last field
 - unexpected token `=` (48:19 to 48:20), expected `}` after last field
 - unexpected token `=` (48:19 to 48:20), unexpected token, this needs to be a statement
 - unexpected token `(` (48:29 to 48:30), expected function name
 - unexpected token `local` (52:5 to 52:10), unexpected expression when looking for a statement
 - unexpected token `local` (52:5 to 52:10), unexpected statement after last statement
 - unexpected token `end` (61:4 to 61:7), unexpected token, this needs to be a statement
 - unexpected token `,` (69:5 to 69:6), trailing commas are not allowed
 - unexpected token `formatters_by_ft` (62:4 to 62:20), unexpected statement after last statement
 - unexpected token `end` (70:5 to 70:8), unexpected token, this needs to be a statement

2025-05-07 14:09:57[ERROR] Formatter 'black' error: error: cannot format /home/mark/Development/python/hello.py: unindent does not match any outer indentation level (<tokenize>, line 3)

2025-05-07 14:11:07[ERROR] Formatter 'black' error: error: cannot format /home/mark/Development/python/hello.py: Cannot parse: 3:0:         print("Check!")

2025-05-07 14:11:09[ERROR] Formatter 'black' error: error: cannot format /home/mark/Development/python/hello.py: Cannot parse: 3:0:         print("Check!")

2025-05-07 14:11:13[ERROR] Formatter 'black' error: error: cannot format /home/mark/Development/python/hello.py: Cannot parse: 3:0:         print("Check!")

2025-05-07 14:11:19[ERROR] Formatter 'black' error: error: cannot format /home/mark/Development/python/hello.py: Cannot parse: 3:0:         print("Check!")

2025-05-07 14:13:14[ERROR] Formatter 'black' error: error: cannot format /home/mark/Development/python/hello.py: Cannot parse: 2:0: print("Hello world!")

2025-05-07 14:13:15[ERROR] Formatter 'black' error: error: cannot format /home/mark/Development/python/hello.py: Cannot parse: 2:0: print("Hello world!")

2025-05-07 14:13:17[ERROR] Formatter 'black' error: error: cannot format /home/mark/Development/python/hello.py: Cannot parse: 2:0: print("Hello world!")

2025-05-08 20:28:32[ERROR] Formatter 'stylua' error: error: could not format from stdin: failed to format from stdin: error parsing: unexpected token `}` (55:1 to 55:2), unexpected token, this needs to be a statement

2025-05-08 20:39:50[ERROR] Formatter 'stylua' error: error: could not format from stdin: failed to format from stdin: error parsing: 
 - unexpected token `"saadparwaiz1/cmp_luasnip"` (6:5 to 6:31), expected `}` after last field
 - unexpected token `"saadparwaiz1/cmp_luasnip"` (6:5 to 6:31), expected `}` after last field
 - unexpected token `"saadparwaiz1/cmp_luasnip"` (6:5 to 6:31), unexpected token, this needs to be a statement
 - unexpected token `version` (10:2 to 10:9), unexpected statement after last statement
 - unexpected token `=` (18:7 to 18:8), unexpected token, this needs to be a statement
 - unexpected token `keymap` (31:3 to 31:9), unexpected statement after last statement
 - unexpected token `=` (32:14 to 32:15), unexpected token, this needs to be a statement
 - unexpected token `,` (35:30 to 35:31), trailing commas are not allowed
 - unexpected token `nerd_font_variant` (35:4 to 35:21), unexpected statement after last statement
 - unexpected token `}` (36:3 to 36:4), unexpected token, this needs to be a statement
 - unexpected token `completion` (39:3 to 39:13), unexpected statement after last statement
 - unexpected token `=` (43:11 to 43:12), unexpected token, this needs to be a statement
 - unexpected token `,` (44:53 to 44:54), trailing commas are not allowed
 - unexpected token `default` (44:4 to 44:11), unexpected statement after last statement
 - unexpected token `}` (45:3 to 45:4), unexpected token, this needs to be a statement
 - unexpected token `,` (52:58 to 52:59), trailing commas are not allowed
 - unexpected token `fuzzy` (52:3 to 52:8), unexpected statement after last statement
 - unexpected token `}` (53:2 to 53:3), unexpected token, this needs to be a statement
 - unexpected token `,` (54:37 to 54:38), trailing commas are not allowed
 - unexpected token `opts_extend` (54:2 to 54:13), unexpected statement after last statement
 - unexpected token `}` (55:1 to 55:2), unexpected token, this needs to be a statement

2025-05-09 19:46:16[ERROR] Formatter 'black' error: error: cannot format /home/mark/Development/python/todo/main.py: Cannot parse: 17:12:             number = int(input("Number of todo to edit: "))

2025-05-10 20:36:41[ERROR] Formatter 'black' error: error: cannot format /home/mark/Development/python/todo/main.py: Cannot parse: 22:43:             new_todos = [item.strip('\n')] for item in todos

2025-05-10 21:04:06[ERROR] Formatter 'black' error: error: cannot format /home/mark/Development/python/todo/main.py: Cannot parse: 39:12:             else:

2025-05-12 10:10:28[ERROR] Formatter 'black' error: error: cannot format /home/mark/Development/python/todo/main.py: Cannot parse: 51:8:         with open("todos.txt", "r") as file:

2025-05-12 10:10:33[ERROR] Formatter 'black' error: error: cannot format /home/mark/Development/python/todo/main.py: Cannot parse: 51:8:         with open("todos.txt", "r") as file:

